**环境：**

```shell
[root@ftp ~]# fdisk -l | grep '/dev/sd*'
Disk /dev/sdb: 1073 MB, 1073741824 bytes, 2097152 sectors
Disk /dev/sdc: 2147 MB, 2147483648 bytes, 4194304 sectors
Disk /dev/sda: 21.5 GB, 21474836480 bytes, 41943040 sectors
/dev/sda1   *        2048     2099199     1048576   83  Linux
/dev/sda2         2099200    41943039    19921920   8e  Linux LVM
```



## 创建磁盘分区

```shell
为 /dev/sdb 创建一个20MB的分区

[root@ftp ~]# fdisk /dev/sdb
Welcome to fdisk (util-linux 2.23.2).

Changes will remain in memory only, until you decide to write them.
Be careful before using the write command.

Device does not contain a recognized partition table
Building a new DOS disklabel with disk identifier 0xa04b6b77.

# 输入n创建磁盘分区
Command (m for help): n
Partition type:
   p   primary (0 primary, 0 extended, 4 free)
   e   extended
Select (default p):
# 回车
Using default response p
Partition number (1-4, default 1):
# 回车
First sector (2048-2097151, default 2048):
Using default value 2048
# 输入需要的大小 20M
Last sector, +sectors or +size{K,M,G} (2048-2097151, default 2097151): +20M
Partition 1 of type Linux and of size 20 MiB is set

# 输出当前的磁盘分区信息
Command (m for help): p

Disk /dev/sdb: 1073 MB, 1073741824 bytes, 2097152 sectors
Units = sectors of 1 * 512 = 512 bytes
Sector size (logical/physical): 512 bytes / 512 bytes
I/O size (minimum/optimal): 512 bytes / 512 bytes
Disk label type: dos
Disk identifier: 0xa04b6b77

   Device Boot      Start         End      Blocks   Id  System
/dev/sdb1            2048       43007       20480   83  Linux

# 输入w,将上述内容写入磁盘生效
Command (m for help): w
The partition table has been altered!

Calling ioctl() to re-read partition table.
Syncing disks.

[root@ftp ~]# ll /dev/sdb*
brw-rw---- 1 root disk 8, 16 May 22 19:28 /dev/sdb
brw-rw---- 1 root disk 8, 17 May 22 19:28 /dev/sdb1
```

fdisk /dev/sd*

内部操作选项

Generic 
   d delete a partition 
   F list free unpartitioned space 
   l list known partition types 
   n add a new partition 
   p print the partition table
   t change a partition type 
   v verify the partition table 
   i print information about a partition



fdisk 命令选项

| 参数 | 描述               | 参数 | 描述                         |
| ---- | ------------------ | ---- | ---------------------------- |
| -b   | 设置每个分区的大小 | -l   | 显示指定的外围设备分区表状态 |
| -c   | 关闭DOS兼容模式    | -s   | 显示指定的分区大小           |
| -C   | 设置硬盘的柱面数量 | -S   | 设置每个磁道的扇区数         |
| -h   | 显示帮助信息       | -u   | 以分区数目代替柱面数目       |
| -H   | 设置硬盘的磁头数   | -v   | 显示版本信息                 |



## 创建文件系统（格式化）:warning::warning::warning::warning::warning:

**:warning:危险命令，慎重执行**

Make file system

```shell
支持的系统格式
[root@ftp ~]# mkfs.
mkfs.btrfs   mkfs.cramfs  mkfs.ext2    mkfs.ext3    mkfs.ext4    mkfs.minix   mkfs.xfs
```

格式化磁盘

```shell
[root@ftp ~]# mkfs.xfs /dev/sdb1
meta-data=/dev/sdb1              isize=512    agcount=4, agsize=65472 blks
         =                       sectsz=512   attr=2, projid32bit=1
         =                       crc=1        finobt=0, sparse=0
data     =                       bsize=4096   blocks=261888, imaxpct=25
         =                       sunit=0      swidth=0 blks
naming   =version 2              bsize=4096   ascii-ci=0 ftype=1
log      =internal log           bsize=4096   blocks=855, version=2
         =                       sectsz=512   sunit=0 blks, lazy-count=1
realtime =none                   extsz=4096   blocks=0, rtextents=0
[root@ftp ~]# mkfs.xfs /dev/sdb1
mkfs.xfs: /dev/sdb1 appears to contain an existing filesystem (xfs).
mkfs.xfs: Use the -f option to force overwrite.
```

> mkfs.xfs /dev/sdb1 执行一次即可，重复执行会提示已经存在相同的文件系统类型



## 磁盘挂载:star::star::star::star::star:

```shell
[root@ftp ~]# df -h
Filesystem               Size  Used Avail Use% Mounted on
/dev/mapper/centos-root   17G  1.9G   16G  12% /
/dev/sda1               1014M  194M  821M  20% /boot
tmpfs                    182M     0  182M   0% /run/user/0
```

将 /dev/sdb1 分区`临时`挂载到 /mnt/目录
```shell
[root@ftp /]# mount /dev/sdb1  /mnt/
[root@ftp /]# df -h
Filesystem               Size  Used Avail Use% Mounted on
/dev/sda1               1014M  194M  821M  20% /boot
tmpfs                    182M     0  182M   0% /run/user/0
/dev/sdb1               1020M   33M  988M   4% /mnt
```

卸载分区

[root@ftp /]# umount /mnt



## 永久挂载:star::star::star::star::star:

方案:one:: 将命令`mount /dev/sdb1  /data/`写入进`/etc/rc.local`文件；目录建议使用绝对路径

方案:two:: 修改`/etc/fstab`文件



- `/etc/fstab`文件一行中每一列的意思

| 第1列            | 第2列  | 第3列           | 第4列                    | 第5列    | 第6列    |
| ---------------- | ------ | --------------- | ------------------------ | -------- | -------- |
| 设备名字或者UUID | 挂载点 | 文件系统类型    | 挂载选项，一般为defaults | 是否备份 | 是否检查 |
| 设备名字或UUID=  | /data  | xfs，ext4，swap | defaults                 | 0        | 0        |

```shell
/dev/mapper/centos-root /                       xfs     defaults        0 0
UUID=f9e6fbae-7690-4c3a-899d-9b709b498b5f /boot                   xfs     defaults        0 0
```

```shell
将 mount /dev/sdb1  /data/ 命令转换成 /etc/fstab 配置文件的格式

mount /dev/sdb1  /data/  =》/dev/sdb1 /data/  xfs defaults 0 0
```

